[null, -2147483648, -2147483648] => null 
[null, -2147483648, -1] => null 
[null, -2147483648, 0] => null 
[null, -2147483648, 1] => null 
[null, -2147483648, 49] => null 
[null, -2147483648, 50] => null 
[null, -2147483648, 51] => null 
[null, -2147483648, 2147483647] => null 
[null, -1, -2147483648] => null 
[null, -1, -1] => null 
[null, -1, 0] => null 
[null, -1, 1] => null 
[null, -1, 49] => null 
[null, -1, 50] => null 
[null, -1, 51] => null 
[null, -1, 2147483647] => null 
[null, 0, -2147483648] => null 
[null, 0, -1] => null 
[null, 0, 0] => null 
[null, 0, 1] => null 
[null, 0, 49] => null 
[null, 0, 50] => null 
[null, 0, 51] => null 
[null, 0, 2147483647] => null 
[null, 1, -2147483648] => null 
[null, 1, -1] => null 
[null, 1, 0] => null 
[null, 1, 1] => null 
[null, 1, 49] => null 
[null, 1, 50] => null 
[null, 1, 51] => null 
[null, 1, 2147483647] => null 
[null, 5, -2147483648] => null 
[null, 5, -1] => null 
[null, 5, 0] => null 
[null, 5, 1] => null 
[null, 5, 49] => null 
[null, 5, 50] => null 
[null, 5, 51] => null 
[null, 5, 2147483647] => null 
[null, 6, -2147483648] => null 
[null, 6, -1] => null 
[null, 6, 0] => null 
[null, 6, 1] => null 
[null, 6, 49] => null 
[null, 6, 50] => null 
[null, 6, 51] => null 
[null, 6, 2147483647] => null 
[null, 7, -2147483648] => null 
[null, 7, -1] => null 
[null, 7, 0] => null 
[null, 7, 1] => null 
[null, 7, 49] => null 
[null, 7, 50] => null 
[null, 7, 51] => null 
[null, 7, 2147483647] => null 
[null, 10, -2147483648] => null 
[null, 10, -1] => null 
[null, 10, 0] => null 
[null, 10, 1] => null 
[null, 10, 49] => null 
[null, 10, 50] => null 
[null, 10, 51] => null 
[null, 10, 2147483647] => null 
[null, 11, -2147483648] => null 
[null, 11, -1] => null 
[null, 11, 0] => null 
[null, 11, 1] => null 
[null, 11, 49] => null 
[null, 11, 50] => null 
[null, 11, 51] => null 
[null, 11, 2147483647] => null 
[null, 12, -2147483648] => null 
[null, 12, -1] => null 
[null, 12, 0] => null 
[null, 12, 1] => null 
[null, 12, 49] => null 
[null, 12, 50] => null 
[null, 12, 51] => null 
[null, 12, 2147483647] => null 
[null, 2147483647, -2147483648] => null 
[null, 2147483647, -1] => null 
[null, 2147483647, 0] => null 
[null, 2147483647, 1] => null 
[null, 2147483647, 49] => null 
[null, 2147483647, 50] => null 
[null, 2147483647, 51] => null 
[null, 2147483647, 2147483647] => null 
[, -2147483648, -2147483648] => , 2147483647, -2147483648 
[, -2147483648, -1] => , 2147483647, -1 
[, -2147483648, 0] => , 2147483647, 0 
[, -2147483648, 1] => , 2147483647, 0 
[, -2147483648, 49] => , 2147483647, 48 
[, -2147483648, 50] => , 2147483647, 49 
[, -2147483648, 51] => , 2147483647, 50 
[, -2147483648, 2147483647] => , 2147483647, 2147483646 
[, -1, -2147483648] => , -2, -2147483648 
[, -1, -1] => , -2, -1 
[, -1, 0] => , -2, 0 
[, -1, 1] => , -2, 0 
[, -1, 49] => , -2, 47 
[, -1, 50] => , -2, 48 
[, -1, 51] => , -2, 49 
[, -1, 2147483647] => , -2, 2147483645 
[, 0, -2147483648] => , -1, -2147483648 
[, 0, -1] => , -1, -1 
[, 0, 0] => , -1, 0 
[, 0, 1] => , -1, 0 
[, 0, 49] => , -1, 47 
[, 0, 50] => , -1, 48 
[, 0, 51] => , -1, 49 
[, 0, 2147483647] => , -1, 2147483645 
[, 1, -2147483648] => , 0, -2147483648 
[, 1, -1] => , 0, -1 
[, 1, 0] => , 0, 0 
[, 1, 1] => , 0, 0 
[, 1, 49] => , 0, 48 
[, 1, 50] => , 0, 49 
[, 1, 51] => , 0, 50 
[, 1, 2147483647] => , 0, 2147483646 
[, 5, -2147483648] => , 4, -2147483648 
[, 5, -1] => , 4, -1 
[, 5, 0] => , 4, 0 
[, 5, 1] => , 4, 0 
[, 5, 49] => , 4, 48 
[, 5, 50] => , 4, 49 
[, 5, 51] => , 4, 50 
[, 5, 2147483647] => , 4, 2147483646 
[, 6, -2147483648] => , 5, -2147483648 
[, 6, -1] => , 5, -1 
[, 6, 0] => , 5, 0 
[, 6, 1] => , 5, 0 
[, 6, 49] => , 5, 48 
[, 6, 50] => , 5, 49 
[, 6, 51] => , 5, 50 
[, 6, 2147483647] => , 5, 2147483646 
[, 7, -2147483648] => , 6, -2147483648 
[, 7, -1] => , 6, -1 
[, 7, 0] => , 6, 0 
[, 7, 1] => , 6, 0 
[, 7, 49] => , 6, 48 
[, 7, 50] => , 6, 49 
[, 7, 51] => , 6, 50 
[, 7, 2147483647] => , 6, 2147483646 
[, 10, -2147483648] => , 9, -2147483648 
[, 10, -1] => , 9, -1 
[, 10, 0] => , 9, 0 
[, 10, 1] => , 9, 0 
[, 10, 49] => , 9, 48 
[, 10, 50] => , 9, 49 
[, 10, 51] => , 9, 50 
[, 10, 2147483647] => , 9, 2147483646 
[, 11, -2147483648] => , 10, -2147483648 
[, 11, -1] => , 10, -1 
[, 11, 0] => , 10, 0 
[, 11, 1] => , 10, 0 
[, 11, 49] => , 10, 48 
[, 11, 50] => , 10, 49 
[, 11, 51] => , 10, 50 
[, 11, 2147483647] => , 10, 2147483646 
[, 12, -2147483648] => , 11, -2147483648 
[, 12, -1] => , 11, -1 
[, 12, 0] => , 11, 0 
[, 12, 1] => , 11, 0 
[, 12, 49] => , 11, 48 
[, 12, 50] => , 11, 49 
[, 12, 51] => , 11, 50 
[, 12, 2147483647] => , 11, 2147483646 
[, 2147483647, -2147483648] => , 2147483646, -2147483648 
[, 2147483647, -1] => , 2147483646, -1 
[, 2147483647, 0] => , 2147483646, 0 
[, 2147483647, 1] => , 2147483646, 0 
[, 2147483647, 49] => , 2147483646, 48 
[, 2147483647, 50] => , 2147483646, 49 
[, 2147483647, 51] => , 2147483646, 50 
[, 2147483647, 2147483647] => , 2147483646, 2147483646 
[Aged Brie, -2147483648, -2147483648] => Aged Brie, 2147483647, -2147483647 
[Aged Brie, -2147483648, -1] => Aged Brie, 2147483647, 0 
[Aged Brie, -2147483648, 0] => Aged Brie, 2147483647, 1 
[Aged Brie, -2147483648, 1] => Aged Brie, 2147483647, 2 
[Aged Brie, -2147483648, 49] => Aged Brie, 2147483647, 50 
[Aged Brie, -2147483648, 50] => Aged Brie, 2147483647, 50 
[Aged Brie, -2147483648, 51] => Aged Brie, 2147483647, 51 
[Aged Brie, -2147483648, 2147483647] => Aged Brie, 2147483647, 2147483647 
[Aged Brie, -1, -2147483648] => Aged Brie, -2, -2147483646 
[Aged Brie, -1, -1] => Aged Brie, -2, 1 
[Aged Brie, -1, 0] => Aged Brie, -2, 2 
[Aged Brie, -1, 1] => Aged Brie, -2, 3 
[Aged Brie, -1, 49] => Aged Brie, -2, 50 
[Aged Brie, -1, 50] => Aged Brie, -2, 50 
[Aged Brie, -1, 51] => Aged Brie, -2, 51 
[Aged Brie, -1, 2147483647] => Aged Brie, -2, 2147483647 
[Aged Brie, 0, -2147483648] => Aged Brie, -1, -2147483646 
[Aged Brie, 0, -1] => Aged Brie, -1, 1 
[Aged Brie, 0, 0] => Aged Brie, -1, 2 
[Aged Brie, 0, 1] => Aged Brie, -1, 3 
[Aged Brie, 0, 49] => Aged Brie, -1, 50 
[Aged Brie, 0, 50] => Aged Brie, -1, 50 
[Aged Brie, 0, 51] => Aged Brie, -1, 51 
[Aged Brie, 0, 2147483647] => Aged Brie, -1, 2147483647 
[Aged Brie, 1, -2147483648] => Aged Brie, 0, -2147483647 
[Aged Brie, 1, -1] => Aged Brie, 0, 0 
[Aged Brie, 1, 0] => Aged Brie, 0, 1 
[Aged Brie, 1, 1] => Aged Brie, 0, 2 
[Aged Brie, 1, 49] => Aged Brie, 0, 50 
[Aged Brie, 1, 50] => Aged Brie, 0, 50 
[Aged Brie, 1, 51] => Aged Brie, 0, 51 
[Aged Brie, 1, 2147483647] => Aged Brie, 0, 2147483647 
[Aged Brie, 5, -2147483648] => Aged Brie, 4, -2147483647 
[Aged Brie, 5, -1] => Aged Brie, 4, 0 
[Aged Brie, 5, 0] => Aged Brie, 4, 1 
[Aged Brie, 5, 1] => Aged Brie, 4, 2 
[Aged Brie, 5, 49] => Aged Brie, 4, 50 
[Aged Brie, 5, 50] => Aged Brie, 4, 50 
[Aged Brie, 5, 51] => Aged Brie, 4, 51 
[Aged Brie, 5, 2147483647] => Aged Brie, 4, 2147483647 
[Aged Brie, 6, -2147483648] => Aged Brie, 5, -2147483647 
[Aged Brie, 6, -1] => Aged Brie, 5, 0 
[Aged Brie, 6, 0] => Aged Brie, 5, 1 
[Aged Brie, 6, 1] => Aged Brie, 5, 2 
[Aged Brie, 6, 49] => Aged Brie, 5, 50 
[Aged Brie, 6, 50] => Aged Brie, 5, 50 
[Aged Brie, 6, 51] => Aged Brie, 5, 51 
[Aged Brie, 6, 2147483647] => Aged Brie, 5, 2147483647 
[Aged Brie, 7, -2147483648] => Aged Brie, 6, -2147483647 
[Aged Brie, 7, -1] => Aged Brie, 6, 0 
[Aged Brie, 7, 0] => Aged Brie, 6, 1 
[Aged Brie, 7, 1] => Aged Brie, 6, 2 
[Aged Brie, 7, 49] => Aged Brie, 6, 50 
[Aged Brie, 7, 50] => Aged Brie, 6, 50 
[Aged Brie, 7, 51] => Aged Brie, 6, 51 
[Aged Brie, 7, 2147483647] => Aged Brie, 6, 2147483647 
[Aged Brie, 10, -2147483648] => Aged Brie, 9, -2147483647 
[Aged Brie, 10, -1] => Aged Brie, 9, 0 
[Aged Brie, 10, 0] => Aged Brie, 9, 1 
[Aged Brie, 10, 1] => Aged Brie, 9, 2 
[Aged Brie, 10, 49] => Aged Brie, 9, 50 
[Aged Brie, 10, 50] => Aged Brie, 9, 50 
[Aged Brie, 10, 51] => Aged Brie, 9, 51 
[Aged Brie, 10, 2147483647] => Aged Brie, 9, 2147483647 
[Aged Brie, 11, -2147483648] => Aged Brie, 10, -2147483647 
[Aged Brie, 11, -1] => Aged Brie, 10, 0 
[Aged Brie, 11, 0] => Aged Brie, 10, 1 
[Aged Brie, 11, 1] => Aged Brie, 10, 2 
[Aged Brie, 11, 49] => Aged Brie, 10, 50 
[Aged Brie, 11, 50] => Aged Brie, 10, 50 
[Aged Brie, 11, 51] => Aged Brie, 10, 51 
[Aged Brie, 11, 2147483647] => Aged Brie, 10, 2147483647 
[Aged Brie, 12, -2147483648] => Aged Brie, 11, -2147483647 
[Aged Brie, 12, -1] => Aged Brie, 11, 0 
[Aged Brie, 12, 0] => Aged Brie, 11, 1 
[Aged Brie, 12, 1] => Aged Brie, 11, 2 
[Aged Brie, 12, 49] => Aged Brie, 11, 50 
[Aged Brie, 12, 50] => Aged Brie, 11, 50 
[Aged Brie, 12, 51] => Aged Brie, 11, 51 
[Aged Brie, 12, 2147483647] => Aged Brie, 11, 2147483647 
[Aged Brie, 2147483647, -2147483648] => Aged Brie, 2147483646, -2147483647 
[Aged Brie, 2147483647, -1] => Aged Brie, 2147483646, 0 
[Aged Brie, 2147483647, 0] => Aged Brie, 2147483646, 1 
[Aged Brie, 2147483647, 1] => Aged Brie, 2147483646, 2 
[Aged Brie, 2147483647, 49] => Aged Brie, 2147483646, 50 
[Aged Brie, 2147483647, 50] => Aged Brie, 2147483646, 50 
[Aged Brie, 2147483647, 51] => Aged Brie, 2147483646, 51 
[Aged Brie, 2147483647, 2147483647] => Aged Brie, 2147483646, 2147483647 
[Backstage passes to a TAFKAL80ETC concert, -2147483648, -2147483648] => Backstage passes to a TAFKAL80ETC concert, 2147483647, -2147483645 
[Backstage passes to a TAFKAL80ETC concert, -2147483648, -1] => Backstage passes to a TAFKAL80ETC concert, 2147483647, 2 
[Backstage passes to a TAFKAL80ETC concert, -2147483648, 0] => Backstage passes to a TAFKAL80ETC concert, 2147483647, 3 
[Backstage passes to a TAFKAL80ETC concert, -2147483648, 1] => Backstage passes to a TAFKAL80ETC concert, 2147483647, 4 
[Backstage passes to a TAFKAL80ETC concert, -2147483648, 49] => Backstage passes to a TAFKAL80ETC concert, 2147483647, 50 
[Backstage passes to a TAFKAL80ETC concert, -2147483648, 50] => Backstage passes to a TAFKAL80ETC concert, 2147483647, 50 
[Backstage passes to a TAFKAL80ETC concert, -2147483648, 51] => Backstage passes to a TAFKAL80ETC concert, 2147483647, 51 
[Backstage passes to a TAFKAL80ETC concert, -2147483648, 2147483647] => Backstage passes to a TAFKAL80ETC concert, 2147483647, 2147483647 
[Backstage passes to a TAFKAL80ETC concert, -1, -2147483648] => Backstage passes to a TAFKAL80ETC concert, -2, 0 
[Backstage passes to a TAFKAL80ETC concert, -1, -1] => Backstage passes to a TAFKAL80ETC concert, -2, 0 
[Backstage passes to a TAFKAL80ETC concert, -1, 0] => Backstage passes to a TAFKAL80ETC concert, -2, 0 
[Backstage passes to a TAFKAL80ETC concert, -1, 1] => Backstage passes to a TAFKAL80ETC concert, -2, 0 
[Backstage passes to a TAFKAL80ETC concert, -1, 49] => Backstage passes to a TAFKAL80ETC concert, -2, 0 
[Backstage passes to a TAFKAL80ETC concert, -1, 50] => Backstage passes to a TAFKAL80ETC concert, -2, 0 
[Backstage passes to a TAFKAL80ETC concert, -1, 51] => Backstage passes to a TAFKAL80ETC concert, -2, 0 
[Backstage passes to a TAFKAL80ETC concert, -1, 2147483647] => Backstage passes to a TAFKAL80ETC concert, -2, 0 
[Backstage passes to a TAFKAL80ETC concert, 0, -2147483648] => Backstage passes to a TAFKAL80ETC concert, -1, 0 
[Backstage passes to a TAFKAL80ETC concert, 0, -1] => Backstage passes to a TAFKAL80ETC concert, -1, 0 
[Backstage passes to a TAFKAL80ETC concert, 0, 0] => Backstage passes to a TAFKAL80ETC concert, -1, 0 
[Backstage passes to a TAFKAL80ETC concert, 0, 1] => Backstage passes to a TAFKAL80ETC concert, -1, 0 
[Backstage passes to a TAFKAL80ETC concert, 0, 49] => Backstage passes to a TAFKAL80ETC concert, -1, 0 
[Backstage passes to a TAFKAL80ETC concert, 0, 50] => Backstage passes to a TAFKAL80ETC concert, -1, 0 
[Backstage passes to a TAFKAL80ETC concert, 0, 51] => Backstage passes to a TAFKAL80ETC concert, -1, 0 
[Backstage passes to a TAFKAL80ETC concert, 0, 2147483647] => Backstage passes to a TAFKAL80ETC concert, -1, 0 
[Backstage passes to a TAFKAL80ETC concert, 1, -2147483648] => Backstage passes to a TAFKAL80ETC concert, 0, -2147483645 
[Backstage passes to a TAFKAL80ETC concert, 1, -1] => Backstage passes to a TAFKAL80ETC concert, 0, 2 
[Backstage passes to a TAFKAL80ETC concert, 1, 0] => Backstage passes to a TAFKAL80ETC concert, 0, 3 
[Backstage passes to a TAFKAL80ETC concert, 1, 1] => Backstage passes to a TAFKAL80ETC concert, 0, 4 
[Backstage passes to a TAFKAL80ETC concert, 1, 49] => Backstage passes to a TAFKAL80ETC concert, 0, 50 
[Backstage passes to a TAFKAL80ETC concert, 1, 50] => Backstage passes to a TAFKAL80ETC concert, 0, 50 
[Backstage passes to a TAFKAL80ETC concert, 1, 51] => Backstage passes to a TAFKAL80ETC concert, 0, 51 
[Backstage passes to a TAFKAL80ETC concert, 1, 2147483647] => Backstage passes to a TAFKAL80ETC concert, 0, 2147483647 
[Backstage passes to a TAFKAL80ETC concert, 5, -2147483648] => Backstage passes to a TAFKAL80ETC concert, 4, -2147483645 
[Backstage passes to a TAFKAL80ETC concert, 5, -1] => Backstage passes to a TAFKAL80ETC concert, 4, 2 
[Backstage passes to a TAFKAL80ETC concert, 5, 0] => Backstage passes to a TAFKAL80ETC concert, 4, 3 
[Backstage passes to a TAFKAL80ETC concert, 5, 1] => Backstage passes to a TAFKAL80ETC concert, 4, 4 
[Backstage passes to a TAFKAL80ETC concert, 5, 49] => Backstage passes to a TAFKAL80ETC concert, 4, 50 
[Backstage passes to a TAFKAL80ETC concert, 5, 50] => Backstage passes to a TAFKAL80ETC concert, 4, 50 
[Backstage passes to a TAFKAL80ETC concert, 5, 51] => Backstage passes to a TAFKAL80ETC concert, 4, 51 
[Backstage passes to a TAFKAL80ETC concert, 5, 2147483647] => Backstage passes to a TAFKAL80ETC concert, 4, 2147483647 
[Backstage passes to a TAFKAL80ETC concert, 6, -2147483648] => Backstage passes to a TAFKAL80ETC concert, 5, -2147483646 
[Backstage passes to a TAFKAL80ETC concert, 6, -1] => Backstage passes to a TAFKAL80ETC concert, 5, 1 
[Backstage passes to a TAFKAL80ETC concert, 6, 0] => Backstage passes to a TAFKAL80ETC concert, 5, 2 
[Backstage passes to a TAFKAL80ETC concert, 6, 1] => Backstage passes to a TAFKAL80ETC concert, 5, 3 
[Backstage passes to a TAFKAL80ETC concert, 6, 49] => Backstage passes to a TAFKAL80ETC concert, 5, 50 
[Backstage passes to a TAFKAL80ETC concert, 6, 50] => Backstage passes to a TAFKAL80ETC concert, 5, 50 
[Backstage passes to a TAFKAL80ETC concert, 6, 51] => Backstage passes to a TAFKAL80ETC concert, 5, 51 
[Backstage passes to a TAFKAL80ETC concert, 6, 2147483647] => Backstage passes to a TAFKAL80ETC concert, 5, 2147483647 
[Backstage passes to a TAFKAL80ETC concert, 7, -2147483648] => Backstage passes to a TAFKAL80ETC concert, 6, -2147483646 
[Backstage passes to a TAFKAL80ETC concert, 7, -1] => Backstage passes to a TAFKAL80ETC concert, 6, 1 
[Backstage passes to a TAFKAL80ETC concert, 7, 0] => Backstage passes to a TAFKAL80ETC concert, 6, 2 
[Backstage passes to a TAFKAL80ETC concert, 7, 1] => Backstage passes to a TAFKAL80ETC concert, 6, 3 
[Backstage passes to a TAFKAL80ETC concert, 7, 49] => Backstage passes to a TAFKAL80ETC concert, 6, 50 
[Backstage passes to a TAFKAL80ETC concert, 7, 50] => Backstage passes to a TAFKAL80ETC concert, 6, 50 
[Backstage passes to a TAFKAL80ETC concert, 7, 51] => Backstage passes to a TAFKAL80ETC concert, 6, 51 
[Backstage passes to a TAFKAL80ETC concert, 7, 2147483647] => Backstage passes to a TAFKAL80ETC concert, 6, 2147483647 
[Backstage passes to a TAFKAL80ETC concert, 10, -2147483648] => Backstage passes to a TAFKAL80ETC concert, 9, -2147483646 
[Backstage passes to a TAFKAL80ETC concert, 10, -1] => Backstage passes to a TAFKAL80ETC concert, 9, 1 
[Backstage passes to a TAFKAL80ETC concert, 10, 0] => Backstage passes to a TAFKAL80ETC concert, 9, 2 
[Backstage passes to a TAFKAL80ETC concert, 10, 1] => Backstage passes to a TAFKAL80ETC concert, 9, 3 
[Backstage passes to a TAFKAL80ETC concert, 10, 49] => Backstage passes to a TAFKAL80ETC concert, 9, 50 
[Backstage passes to a TAFKAL80ETC concert, 10, 50] => Backstage passes to a TAFKAL80ETC concert, 9, 50 
[Backstage passes to a TAFKAL80ETC concert, 10, 51] => Backstage passes to a TAFKAL80ETC concert, 9, 51 
[Backstage passes to a TAFKAL80ETC concert, 10, 2147483647] => Backstage passes to a TAFKAL80ETC concert, 9, 2147483647 
[Backstage passes to a TAFKAL80ETC concert, 11, -2147483648] => Backstage passes to a TAFKAL80ETC concert, 10, -2147483647 
[Backstage passes to a TAFKAL80ETC concert, 11, -1] => Backstage passes to a TAFKAL80ETC concert, 10, 0 
[Backstage passes to a TAFKAL80ETC concert, 11, 0] => Backstage passes to a TAFKAL80ETC concert, 10, 1 
[Backstage passes to a TAFKAL80ETC concert, 11, 1] => Backstage passes to a TAFKAL80ETC concert, 10, 2 
[Backstage passes to a TAFKAL80ETC concert, 11, 49] => Backstage passes to a TAFKAL80ETC concert, 10, 50 
[Backstage passes to a TAFKAL80ETC concert, 11, 50] => Backstage passes to a TAFKAL80ETC concert, 10, 50 
[Backstage passes to a TAFKAL80ETC concert, 11, 51] => Backstage passes to a TAFKAL80ETC concert, 10, 51 
[Backstage passes to a TAFKAL80ETC concert, 11, 2147483647] => Backstage passes to a TAFKAL80ETC concert, 10, 2147483647 
[Backstage passes to a TAFKAL80ETC concert, 12, -2147483648] => Backstage passes to a TAFKAL80ETC concert, 11, -2147483647 
[Backstage passes to a TAFKAL80ETC concert, 12, -1] => Backstage passes to a TAFKAL80ETC concert, 11, 0 
[Backstage passes to a TAFKAL80ETC concert, 12, 0] => Backstage passes to a TAFKAL80ETC concert, 11, 1 
[Backstage passes to a TAFKAL80ETC concert, 12, 1] => Backstage passes to a TAFKAL80ETC concert, 11, 2 
[Backstage passes to a TAFKAL80ETC concert, 12, 49] => Backstage passes to a TAFKAL80ETC concert, 11, 50 
[Backstage passes to a TAFKAL80ETC concert, 12, 50] => Backstage passes to a TAFKAL80ETC concert, 11, 50 
[Backstage passes to a TAFKAL80ETC concert, 12, 51] => Backstage passes to a TAFKAL80ETC concert, 11, 51 
[Backstage passes to a TAFKAL80ETC concert, 12, 2147483647] => Backstage passes to a TAFKAL80ETC concert, 11, 2147483647 
[Backstage passes to a TAFKAL80ETC concert, 2147483647, -2147483648] => Backstage passes to a TAFKAL80ETC concert, 2147483646, -2147483647 
[Backstage passes to a TAFKAL80ETC concert, 2147483647, -1] => Backstage passes to a TAFKAL80ETC concert, 2147483646, 0 
[Backstage passes to a TAFKAL80ETC concert, 2147483647, 0] => Backstage passes to a TAFKAL80ETC concert, 2147483646, 1 
[Backstage passes to a TAFKAL80ETC concert, 2147483647, 1] => Backstage passes to a TAFKAL80ETC concert, 2147483646, 2 
[Backstage passes to a TAFKAL80ETC concert, 2147483647, 49] => Backstage passes to a TAFKAL80ETC concert, 2147483646, 50 
[Backstage passes to a TAFKAL80ETC concert, 2147483647, 50] => Backstage passes to a TAFKAL80ETC concert, 2147483646, 50 
[Backstage passes to a TAFKAL80ETC concert, 2147483647, 51] => Backstage passes to a TAFKAL80ETC concert, 2147483646, 51 
[Backstage passes to a TAFKAL80ETC concert, 2147483647, 2147483647] => Backstage passes to a TAFKAL80ETC concert, 2147483646, 2147483647 
[Sulfuras, Hand of Ragnaros, -2147483648, -2147483648] => Sulfuras, Hand of Ragnaros, -2147483648, -2147483648 
[Sulfuras, Hand of Ragnaros, -2147483648, -1] => Sulfuras, Hand of Ragnaros, -2147483648, -1 
[Sulfuras, Hand of Ragnaros, -2147483648, 0] => Sulfuras, Hand of Ragnaros, -2147483648, 0 
[Sulfuras, Hand of Ragnaros, -2147483648, 1] => Sulfuras, Hand of Ragnaros, -2147483648, 1 
[Sulfuras, Hand of Ragnaros, -2147483648, 49] => Sulfuras, Hand of Ragnaros, -2147483648, 49 
[Sulfuras, Hand of Ragnaros, -2147483648, 50] => Sulfuras, Hand of Ragnaros, -2147483648, 50 
[Sulfuras, Hand of Ragnaros, -2147483648, 51] => Sulfuras, Hand of Ragnaros, -2147483648, 51 
[Sulfuras, Hand of Ragnaros, -2147483648, 2147483647] => Sulfuras, Hand of Ragnaros, -2147483648, 2147483647 
[Sulfuras, Hand of Ragnaros, -1, -2147483648] => Sulfuras, Hand of Ragnaros, -1, -2147483648 
[Sulfuras, Hand of Ragnaros, -1, -1] => Sulfuras, Hand of Ragnaros, -1, -1 
[Sulfuras, Hand of Ragnaros, -1, 0] => Sulfuras, Hand of Ragnaros, -1, 0 
[Sulfuras, Hand of Ragnaros, -1, 1] => Sulfuras, Hand of Ragnaros, -1, 1 
[Sulfuras, Hand of Ragnaros, -1, 49] => Sulfuras, Hand of Ragnaros, -1, 49 
[Sulfuras, Hand of Ragnaros, -1, 50] => Sulfuras, Hand of Ragnaros, -1, 50 
[Sulfuras, Hand of Ragnaros, -1, 51] => Sulfuras, Hand of Ragnaros, -1, 51 
[Sulfuras, Hand of Ragnaros, -1, 2147483647] => Sulfuras, Hand of Ragnaros, -1, 2147483647 
[Sulfuras, Hand of Ragnaros, 0, -2147483648] => Sulfuras, Hand of Ragnaros, 0, -2147483648 
[Sulfuras, Hand of Ragnaros, 0, -1] => Sulfuras, Hand of Ragnaros, 0, -1 
[Sulfuras, Hand of Ragnaros, 0, 0] => Sulfuras, Hand of Ragnaros, 0, 0 
[Sulfuras, Hand of Ragnaros, 0, 1] => Sulfuras, Hand of Ragnaros, 0, 1 
[Sulfuras, Hand of Ragnaros, 0, 49] => Sulfuras, Hand of Ragnaros, 0, 49 
[Sulfuras, Hand of Ragnaros, 0, 50] => Sulfuras, Hand of Ragnaros, 0, 50 
[Sulfuras, Hand of Ragnaros, 0, 51] => Sulfuras, Hand of Ragnaros, 0, 51 
[Sulfuras, Hand of Ragnaros, 0, 2147483647] => Sulfuras, Hand of Ragnaros, 0, 2147483647 
[Sulfuras, Hand of Ragnaros, 1, -2147483648] => Sulfuras, Hand of Ragnaros, 1, -2147483648 
[Sulfuras, Hand of Ragnaros, 1, -1] => Sulfuras, Hand of Ragnaros, 1, -1 
[Sulfuras, Hand of Ragnaros, 1, 0] => Sulfuras, Hand of Ragnaros, 1, 0 
[Sulfuras, Hand of Ragnaros, 1, 1] => Sulfuras, Hand of Ragnaros, 1, 1 
[Sulfuras, Hand of Ragnaros, 1, 49] => Sulfuras, Hand of Ragnaros, 1, 49 
[Sulfuras, Hand of Ragnaros, 1, 50] => Sulfuras, Hand of Ragnaros, 1, 50 
[Sulfuras, Hand of Ragnaros, 1, 51] => Sulfuras, Hand of Ragnaros, 1, 51 
[Sulfuras, Hand of Ragnaros, 1, 2147483647] => Sulfuras, Hand of Ragnaros, 1, 2147483647 
[Sulfuras, Hand of Ragnaros, 5, -2147483648] => Sulfuras, Hand of Ragnaros, 5, -2147483648 
[Sulfuras, Hand of Ragnaros, 5, -1] => Sulfuras, Hand of Ragnaros, 5, -1 
[Sulfuras, Hand of Ragnaros, 5, 0] => Sulfuras, Hand of Ragnaros, 5, 0 
[Sulfuras, Hand of Ragnaros, 5, 1] => Sulfuras, Hand of Ragnaros, 5, 1 
[Sulfuras, Hand of Ragnaros, 5, 49] => Sulfuras, Hand of Ragnaros, 5, 49 
[Sulfuras, Hand of Ragnaros, 5, 50] => Sulfuras, Hand of Ragnaros, 5, 50 
[Sulfuras, Hand of Ragnaros, 5, 51] => Sulfuras, Hand of Ragnaros, 5, 51 
[Sulfuras, Hand of Ragnaros, 5, 2147483647] => Sulfuras, Hand of Ragnaros, 5, 2147483647 
[Sulfuras, Hand of Ragnaros, 6, -2147483648] => Sulfuras, Hand of Ragnaros, 6, -2147483648 
[Sulfuras, Hand of Ragnaros, 6, -1] => Sulfuras, Hand of Ragnaros, 6, -1 
[Sulfuras, Hand of Ragnaros, 6, 0] => Sulfuras, Hand of Ragnaros, 6, 0 
[Sulfuras, Hand of Ragnaros, 6, 1] => Sulfuras, Hand of Ragnaros, 6, 1 
[Sulfuras, Hand of Ragnaros, 6, 49] => Sulfuras, Hand of Ragnaros, 6, 49 
[Sulfuras, Hand of Ragnaros, 6, 50] => Sulfuras, Hand of Ragnaros, 6, 50 
[Sulfuras, Hand of Ragnaros, 6, 51] => Sulfuras, Hand of Ragnaros, 6, 51 
[Sulfuras, Hand of Ragnaros, 6, 2147483647] => Sulfuras, Hand of Ragnaros, 6, 2147483647 
[Sulfuras, Hand of Ragnaros, 7, -2147483648] => Sulfuras, Hand of Ragnaros, 7, -2147483648 
[Sulfuras, Hand of Ragnaros, 7, -1] => Sulfuras, Hand of Ragnaros, 7, -1 
[Sulfuras, Hand of Ragnaros, 7, 0] => Sulfuras, Hand of Ragnaros, 7, 0 
[Sulfuras, Hand of Ragnaros, 7, 1] => Sulfuras, Hand of Ragnaros, 7, 1 
[Sulfuras, Hand of Ragnaros, 7, 49] => Sulfuras, Hand of Ragnaros, 7, 49 
[Sulfuras, Hand of Ragnaros, 7, 50] => Sulfuras, Hand of Ragnaros, 7, 50 
[Sulfuras, Hand of Ragnaros, 7, 51] => Sulfuras, Hand of Ragnaros, 7, 51 
[Sulfuras, Hand of Ragnaros, 7, 2147483647] => Sulfuras, Hand of Ragnaros, 7, 2147483647 
[Sulfuras, Hand of Ragnaros, 10, -2147483648] => Sulfuras, Hand of Ragnaros, 10, -2147483648 
[Sulfuras, Hand of Ragnaros, 10, -1] => Sulfuras, Hand of Ragnaros, 10, -1 
[Sulfuras, Hand of Ragnaros, 10, 0] => Sulfuras, Hand of Ragnaros, 10, 0 
[Sulfuras, Hand of Ragnaros, 10, 1] => Sulfuras, Hand of Ragnaros, 10, 1 
[Sulfuras, Hand of Ragnaros, 10, 49] => Sulfuras, Hand of Ragnaros, 10, 49 
[Sulfuras, Hand of Ragnaros, 10, 50] => Sulfuras, Hand of Ragnaros, 10, 50 
[Sulfuras, Hand of Ragnaros, 10, 51] => Sulfuras, Hand of Ragnaros, 10, 51 
[Sulfuras, Hand of Ragnaros, 10, 2147483647] => Sulfuras, Hand of Ragnaros, 10, 2147483647 
[Sulfuras, Hand of Ragnaros, 11, -2147483648] => Sulfuras, Hand of Ragnaros, 11, -2147483648 
[Sulfuras, Hand of Ragnaros, 11, -1] => Sulfuras, Hand of Ragnaros, 11, -1 
[Sulfuras, Hand of Ragnaros, 11, 0] => Sulfuras, Hand of Ragnaros, 11, 0 
[Sulfuras, Hand of Ragnaros, 11, 1] => Sulfuras, Hand of Ragnaros, 11, 1 
[Sulfuras, Hand of Ragnaros, 11, 49] => Sulfuras, Hand of Ragnaros, 11, 49 
[Sulfuras, Hand of Ragnaros, 11, 50] => Sulfuras, Hand of Ragnaros, 11, 50 
[Sulfuras, Hand of Ragnaros, 11, 51] => Sulfuras, Hand of Ragnaros, 11, 51 
[Sulfuras, Hand of Ragnaros, 11, 2147483647] => Sulfuras, Hand of Ragnaros, 11, 2147483647 
[Sulfuras, Hand of Ragnaros, 12, -2147483648] => Sulfuras, Hand of Ragnaros, 12, -2147483648 
[Sulfuras, Hand of Ragnaros, 12, -1] => Sulfuras, Hand of Ragnaros, 12, -1 
[Sulfuras, Hand of Ragnaros, 12, 0] => Sulfuras, Hand of Ragnaros, 12, 0 
[Sulfuras, Hand of Ragnaros, 12, 1] => Sulfuras, Hand of Ragnaros, 12, 1 
[Sulfuras, Hand of Ragnaros, 12, 49] => Sulfuras, Hand of Ragnaros, 12, 49 
[Sulfuras, Hand of Ragnaros, 12, 50] => Sulfuras, Hand of Ragnaros, 12, 50 
[Sulfuras, Hand of Ragnaros, 12, 51] => Sulfuras, Hand of Ragnaros, 12, 51 
[Sulfuras, Hand of Ragnaros, 12, 2147483647] => Sulfuras, Hand of Ragnaros, 12, 2147483647 
[Sulfuras, Hand of Ragnaros, 2147483647, -2147483648] => Sulfuras, Hand of Ragnaros, 2147483647, -2147483648 
[Sulfuras, Hand of Ragnaros, 2147483647, -1] => Sulfuras, Hand of Ragnaros, 2147483647, -1 
[Sulfuras, Hand of Ragnaros, 2147483647, 0] => Sulfuras, Hand of Ragnaros, 2147483647, 0 
[Sulfuras, Hand of Ragnaros, 2147483647, 1] => Sulfuras, Hand of Ragnaros, 2147483647, 1 
[Sulfuras, Hand of Ragnaros, 2147483647, 49] => Sulfuras, Hand of Ragnaros, 2147483647, 49 
[Sulfuras, Hand of Ragnaros, 2147483647, 50] => Sulfuras, Hand of Ragnaros, 2147483647, 50 
[Sulfuras, Hand of Ragnaros, 2147483647, 51] => Sulfuras, Hand of Ragnaros, 2147483647, 51 
[Sulfuras, Hand of Ragnaros, 2147483647, 2147483647] => Sulfuras, Hand of Ragnaros, 2147483647, 2147483647 
